
 Start Length Name Class
 0001:00401000 000005638H _TEXT                  CODE
 0002:00407000 000001300H _DATA                  DATA
 0003:00408300 00000018CH _BSS                   BSS
 0004:00000000 00000009CH _TLS                   TLS


Detailed map of segments
 0001:000010AC 00000163 C=CODE    S=_TEXT    G=(none)   M=C:\PROGRAM FILES (X86)\EMBARCADERO\STUDIO\19.0\LIB\WIN32\RELEASE\C0W32W.OBJ ACBP=A9
 0001:0000120F 00000073 C=CODE    S=_TEXT    G=(none)   M=C:\PROGRAM FILES (X86)\EMBARCADERO\STUDIO\19.0\LIB\WIN32\RELEASE\RTL.BPI|Winapi.Windows.pas ACBP=A9
 0001:00001282 0000002E C=CODE    S=_TEXT    G=(none)   M=C:\PROGRAM FILES (X86)\EMBARCADERO\STUDIO\19.0\LIB\WIN32\RELEASE\RTL.BPI|Winapi.PsAPI.pas ACBP=A9
 0001:000012B0 00000010 C=CODE    S=_TEXT    G=(none)   M=C:\PROGRAM FILES (X86)\EMBARCADERO\STUDIO\19.0\LIB\WIN32\RELEASE\RTL.BPI|Winapi.Messages.pas ACBP=A9
 0001:000012C0 00000010 C=CODE    S=_TEXT    G=(none)   M=C:\PROGRAM FILES (X86)\EMBARCADERO\STUDIO\19.0\LIB\WIN32\RELEASE\RTL.BPI|Winapi.ActiveX.pas ACBP=A9
 0001:000012D0 00000010 C=CODE    S=_TEXT    G=(none)   M=C:\PROGRAM FILES (X86)\EMBARCADERO\STUDIO\19.0\LIB\WIN32\RELEASE\RTL.BPI|System.Win.Crtl.pas ACBP=A9
 0001:000012E0 00000010 C=CODE    S=_TEXT    G=(none)   M=C:\PROGRAM FILES (X86)\EMBARCADERO\STUDIO\19.0\LIB\WIN32\RELEASE\RTL.BPI|Winapi.Qos.pas ACBP=A9
 0001:000012F0 00000010 C=CODE    S=_TEXT    G=(none)   M=C:\PROGRAM FILES (X86)\EMBARCADERO\STUDIO\19.0\LIB\WIN32\RELEASE\RTL.BPI|Winapi.Winsock2.pas ACBP=A9
 0001:00001300 00000010 C=CODE    S=_TEXT    G=(none)   M=C:\PROGRAM FILES (X86)\EMBARCADERO\STUDIO\19.0\LIB\WIN32\RELEASE\RTL.BPI|Winapi.WinHTTP.pas ACBP=A9
 0001:00001310 00000104 C=CODE    S=_TEXT    G=(none)   M=C:\PROGRAM FILES (X86)\EMBARCADERO\STUDIO\19.0\LIB\WIN32\RELEASE\RTL.BPI|System.Internal.StrHlpr.pas ACBP=A9
 0001:00001414 00000010 C=CODE    S=_TEXT    G=(none)   M=C:\PROGRAM FILES (X86)\EMBARCADERO\STUDIO\19.0\LIB\WIN32\RELEASE\RTL.BPI|Winapi.StructuredQueryCondition.pas ACBP=A9
 0001:00001424 00000010 C=CODE    S=_TEXT    G=(none)   M=C:\PROGRAM FILES (X86)\EMBARCADERO\STUDIO\19.0\LIB\WIN32\RELEASE\RTL.BPI|Winapi.Propsys.pas ACBP=A9
 0001:00001434 00000010 C=CODE    S=_TEXT    G=(none)   M=C:\PROGRAM FILES (X86)\EMBARCADERO\STUDIO\19.0\LIB\WIN32\RELEASE\RTL.BPI|Winapi.CommCtrl.pas ACBP=A9
 0001:00001444 00000010 C=CODE    S=_TEXT    G=(none)   M=C:\PROGRAM FILES (X86)\EMBARCADERO\STUDIO\19.0\LIB\WIN32\RELEASE\RTL.BPI|Winapi.IpExport.pas ACBP=A9
 0001:00001454 0000007C C=CODE    S=_TEXT    G=(none)   M=C:\PROGRAM FILES (X86)\EMBARCADERO\STUDIO\19.0\LIB\WIN32\RELEASE\RTL.BPI|Winapi.ShellAPI.pas ACBP=A9
 0001:000014D0 00000010 C=CODE    S=_TEXT    G=(none)   M=C:\PROGRAM FILES (X86)\EMBARCADERO\STUDIO\19.0\LIB\WIN32\RELEASE\RTL.BPI|Winapi.RegStr.pas ACBP=A9
 0001:000014E0 00000010 C=CODE    S=_TEXT    G=(none)   M=C:\PROGRAM FILES (X86)\EMBARCADERO\STUDIO\19.0\LIB\WIN32\RELEASE\RTL.BPI|Winapi.WinInet.pas ACBP=A9
 0001:000014F0 00000010 C=CODE    S=_TEXT    G=(none)   M=C:\PROGRAM FILES (X86)\EMBARCADERO\STUDIO\19.0\LIB\WIN32\RELEASE\RTL.BPI|Winapi.UrlMon.pas ACBP=A9
 0001:00001500 00000010 C=CODE    S=_TEXT    G=(none)   M=C:\PROGRAM FILES (X86)\EMBARCADERO\STUDIO\19.0\LIB\WIN32\RELEASE\RTL.BPI|Winapi.ObjectArray.pas ACBP=A9
 0001:00001510 00000010 C=CODE    S=_TEXT    G=(none)   M=C:\PROGRAM FILES (X86)\EMBARCADERO\STUDIO\19.0\LIB\WIN32\RELEASE\RTL.BPI|Winapi.ShlObj.pas ACBP=A9
 0001:00001520 00000010 C=CODE    S=_TEXT    G=(none)   M=C:\PROGRAM FILES (X86)\EMBARCADERO\STUDIO\19.0\LIB\WIN32\RELEASE\RTL.BPI|Winapi.ShellScaling.pas ACBP=A9
 0001:00001530 00000010 C=CODE    S=_TEXT    G=(none)   M=C:\PROGRAM FILES (X86)\EMBARCADERO\STUDIO\19.0\LIB\WIN32\RELEASE\RTL.BPI|Winapi.WinSock.pas ACBP=A9
 0001:00001540 00000010 C=CODE    S=_TEXT    G=(none)   M=C:\PROGRAM FILES (X86)\EMBARCADERO\STUDIO\19.0\LIB\WIN32\RELEASE\RTL.BPI|Winapi.DwmApi.pas ACBP=A9
 0001:00001550 00000010 C=CODE    S=_TEXT    G=(none)   M=C:\PROGRAM FILES (X86)\EMBARCADERO\STUDIO\19.0\LIB\WIN32\RELEASE\RTL.BPI|Winapi.CommDlg.pas ACBP=A9
 0001:00001560 00000010 C=CODE    S=_TEXT    G=(none)   M=C:\PROGRAM FILES (X86)\EMBARCADERO\STUDIO\19.0\LIB\WIN32\RELEASE\RTL.BPI|Winapi.Dlgs.pas ACBP=A9
 0001:00001570 00000010 C=CODE    S=_TEXT    G=(none)   M=C:\PROGRAM FILES (X86)\EMBARCADERO\STUDIO\19.0\LIB\WIN32\RELEASE\RTL.BPI|Winapi.Imm.pas ACBP=A9
 0001:00001580 00000077 C=CODE    S=_TEXT    G=(none)   M=C:\PROGRAM FILES (X86)\EMBARCADERO\STUDIO\19.0\LIB\WIN32\RELEASE\RTL.BPI|Winapi.MsCTF.pas ACBP=A9
 0001:000015F7 00000011 C=CODE    S=_TEXT    G=(none)   M=C:\PROGRAM FILES (X86)\EMBARCADERO\STUDIO\19.0\LIB\WIN32\RELEASE\RTL.BPI|Winapi.TpcShrd.pas ACBP=A9
 0001:00001608 00000010 C=CODE    S=_TEXT    G=(none)   M=C:\PROGRAM FILES (X86)\EMBARCADERO\STUDIO\19.0\LIB\WIN32\RELEASE\RTL.BPI|Winapi.MsInkAut.pas ACBP=A9
 0001:00001618 00000010 C=CODE    S=_TEXT    G=(none)   M=C:\PROGRAM FILES (X86)\EMBARCADERO\STUDIO\19.0\LIB\WIN32\RELEASE\RTL.BPI|Winapi.PenInputPanel.pas ACBP=A9
 0001:00001628 00000010 C=CODE    S=_TEXT    G=(none)   M=C:\PROGRAM FILES (X86)\EMBARCADERO\STUDIO\19.0\LIB\WIN32\RELEASE\RTL.BPI|Winapi.RichEdit.pas ACBP=A9
 0001:00001638 00000010 C=CODE    S=_TEXT    G=(none)   M=C:\PROGRAM FILES (X86)\EMBARCADERO\STUDIO\19.0\LIB\WIN32\RELEASE\RTL.BPI|Winapi.WinSpool.pas ACBP=A9
 0001:00001648 000006E8 C=CODE    S=_TEXT    G=(none)   M=C:\PROGRAM FILES (X86)\EMBARCADERO\STUDIO\19.0\LIB\WIN32\RELEASE\SYSINIT.OBJ ACBP=A9
 0001:00001D30 0000030C C=CODE    S=_TEXT    G=(none)   M=D:\WORKSPACE\TEST\CLIENTDLL\TEST_DLL_RAD\WIN32\DEBUG\PROJECT1.OBJ ACBP=A9
 0001:0000203C 00000020 C=CODE    S=_TEXT    G=(none)   M=D:\WORKSPACE\TEST\CLIENTDLL\TEST_DLL_RAD\WIN32\DEBUG\CLIENTLIB_TLB.OBJ ACBP=A9
 0001:0000205C 00001720 C=CODE    S=_TEXT    G=(none)   M=D:\WORKSPACE\TEST\CLIENTDLL\TEST_DLL_RAD\WIN32\DEBUG\UNIT1.OBJ ACBP=A9
 0001:0000377C 00000104 C=CODE    S=_TEXT    G=(none)   M=C:\PROGRAM FILES (X86)\EMBARCADERO\STUDIO\19.0\LIB\WIN32\RELEASE\CP32MTI.LIB|crtlvcl ACBP=A9
 0001:00003880 00000001 C=CODE    S=_TEXT    G=(none)   M=C:\PROGRAM FILES (X86)\EMBARCADERO\STUDIO\19.0\LIB\WIN32\RELEASE\CP32MTI.LIB|vlibstub ACBP=A9
 0001:00003881 0000008D C=CODE    S=_TEXT    G=(none)   M=C:\PROGRAM FILES (X86)\EMBARCADERO\STUDIO\19.0\LIB\WIN32\RELEASE\CP32MTI.LIB|vclshmem ACBP=A9
 0001:0000390E 00000041 C=CODE    S=_TEXT    G=(none)   M=C:\PROGRAM FILES (X86)\EMBARCADERO\STUDIO\19.0\LIB\WIN32\RELEASE\CP32MTI.LIB|syshook ACBP=A9
 0001:0000394F 000006C1 C=CODE    S=_TEXT    G=(none)   M=C:\PROGRAM FILES (X86)\EMBARCADERO\STUDIO\19.0\LIB\WIN32\RELEASE\CP32MTI.LIB|delayhlp ACBP=A9
 0001:00004010 00000348 C=CODE    S=_TEXT    G=(none)   M=C:\PROGRAM FILES (X86)\EMBARCADERO\STUDIO\19.0\LIB\WIN32\RELEASE\CP32MTI.LIB|debug_wrapper ACBP=A9
 0001:00004354 00000026 C=CODE    S=_TEXT    G=(none)   M=C:\PROGRAM FILES (X86)\EMBARCADERO\STUDIO\19.0\LIB\WIN32\RELEASE\CP32MTI.LIB|setargv2 ACBP=A9
 0001:0000437C 00000026 C=CODE    S=_TEXT    G=(none)   M=C:\PROGRAM FILES (X86)\EMBARCADERO\STUDIO\19.0\LIB\WIN32\RELEASE\CP32MTI.LIB|wsetarg2 ACBP=A9
 0001:000043A4 000000A3 C=CODE    S=_TEXT    G=(none)   M=C:\PROGRAM FILES (X86)\EMBARCADERO\STUDIO\19.0\LIB\WIN32\RELEASE\CP32MTI.LIB|xxv ACBP=A9
 0001:00004448 00000070 C=CODE    S=_TEXT    G=(none)   M=C:\PROGRAM FILES (X86)\EMBARCADERO\STUDIO\19.0\LIB\WIN32\RELEASE\CP32MTI.LIB|xxa ACBP=A9
 0001:000044B8 0000005B C=CODE    S=_TEXT    G=(none)   M=C:\PROGRAM FILES (X86)\EMBARCADERO\STUDIO\19.0\LIB\WIN32\DEBUG\VCLE.LIB|syssupp ACBP=A9
 0001:00004514 0000014A C=CODE    S=_TEXT    G=(none)   M=C:\PROGRAM FILES (X86)\EMBARCADERO\STUDIO\19.0\LIB\WIN32\DEBUG\VCLE.LIB|vclinit ACBP=A9
 0001:0000465E 00000234 C=CODE    S=_TEXT    G=(none)   M=C:\PROGRAM FILES (X86)\EMBARCADERO\STUDIO\19.0\LIB\WIN32\DEBUG\VCLE.LIB|ustring ACBP=A9
 0001:00004848 00000050 C=CODE    S=_TEXT    G=(none)   M=C:\PROGRAM FILES (X86)\EMBARCADERO\STUDIO\19.0\LIB\WIN32\DEBUG\VCLE.LIB|classcre ACBP=A9
 0001:00004898 000000A5 C=CODE    S=_TEXT    G=(none)   M=C:\PROGRAM FILES (X86)\EMBARCADERO\STUDIO\19.0\LIB\WIN32\DEBUG\VCLE.LIB|System_t_win32 ACBP=A9
 0002:00000000 000000C8 C=DATA    S=_DATA    G=DGROUP   M=C:\PROGRAM FILES (X86)\EMBARCADERO\STUDIO\19.0\LIB\WIN32\RELEASE\C0W32W.OBJ ACBP=A9
 0002:000000C8 0000000D C=DATA    S=_DATA    G=DGROUP   M=C:\PROGRAM FILES (X86)\EMBARCADERO\STUDIO\19.0\LIB\WIN32\RELEASE\RTL.BPI|Winapi.Windows.pas ACBP=A9
 0002:000000D4 00000010 C=DATA    S=_DATA    G=DGROUP   M=C:\PROGRAM FILES (X86)\EMBARCADERO\STUDIO\19.0\LIB\WIN32\RELEASE\RTL.BPI|Winapi.ActiveX.pas ACBP=A9
 0002:000000D4 00000004 C=DATA    S=_DATA    G=DGROUP   M=C:\PROGRAM FILES (X86)\EMBARCADERO\STUDIO\19.0\LIB\WIN32\RELEASE\RTL.BPI|System.Win.Crtl.pas ACBP=A9
 0002:000000D4 00000004 C=DATA    S=_DATA    G=DGROUP   M=C:\PROGRAM FILES (X86)\EMBARCADERO\STUDIO\19.0\LIB\WIN32\RELEASE\RTL.BPI|Winapi.WinHTTP.pas ACBP=A9
 0002:000000D4 00000010 C=DATA    S=_DATA    G=DGROUP   M=C:\PROGRAM FILES (X86)\EMBARCADERO\STUDIO\19.0\LIB\WIN32\RELEASE\RTL.BPI|Winapi.StructuredQueryCondition.pas ACBP=A9
 0002:000000D4 00000010 C=DATA    S=_DATA    G=DGROUP   M=C:\PROGRAM FILES (X86)\EMBARCADERO\STUDIO\19.0\LIB\WIN32\RELEASE\RTL.BPI|Winapi.Propsys.pas ACBP=A9
 0002:000000D4 00000004 C=DATA    S=_DATA    G=DGROUP   M=C:\PROGRAM FILES (X86)\EMBARCADERO\STUDIO\19.0\LIB\WIN32\RELEASE\RTL.BPI|Winapi.CommCtrl.pas ACBP=A9
 0002:000000D4 0000000C C=DATA    S=_DATA    G=DGROUP   M=C:\PROGRAM FILES (X86)\EMBARCADERO\STUDIO\19.0\LIB\WIN32\RELEASE\RTL.BPI|Winapi.ShellAPI.pas ACBP=A9
 0002:000000E0 00000010 C=DATA    S=_DATA    G=DGROUP   M=C:\PROGRAM FILES (X86)\EMBARCADERO\STUDIO\19.0\LIB\WIN32\RELEASE\RTL.BPI|Winapi.UrlMon.pas ACBP=A9
 0002:000000E0 00000010 C=DATA    S=_DATA    G=DGROUP   M=C:\PROGRAM FILES (X86)\EMBARCADERO\STUDIO\19.0\LIB\WIN32\RELEASE\RTL.BPI|Winapi.ObjectArray.pas ACBP=A9
 0002:000000E0 00000010 C=DATA    S=_DATA    G=DGROUP   M=C:\PROGRAM FILES (X86)\EMBARCADERO\STUDIO\19.0\LIB\WIN32\RELEASE\RTL.BPI|Winapi.ShlObj.pas ACBP=A9
 0002:000000E0 00000004 C=DATA    S=_DATA    G=DGROUP   M=C:\PROGRAM FILES (X86)\EMBARCADERO\STUDIO\19.0\LIB\WIN32\RELEASE\RTL.BPI|Winapi.MsCTF.pas ACBP=A9
 0002:000000E4 00000010 C=DATA    S=_DATA    G=DGROUP   M=C:\PROGRAM FILES (X86)\EMBARCADERO\STUDIO\19.0\LIB\WIN32\RELEASE\RTL.BPI|Winapi.MsInkAut.pas ACBP=A9
 0002:000000E4 00000010 C=DATA    S=_DATA    G=DGROUP   M=C:\PROGRAM FILES (X86)\EMBARCADERO\STUDIO\19.0\LIB\WIN32\RELEASE\RTL.BPI|Winapi.PenInputPanel.pas ACBP=A9
 0002:000000E4 0000009C C=DATA    S=_DATA    G=DGROUP   M=C:\PROGRAM FILES (X86)\EMBARCADERO\STUDIO\19.0\LIB\WIN32\RELEASE\SYSINIT.OBJ ACBP=A9
 0002:00000170 000000CC C=DATA    S=_DATA    G=DGROUP   M=D:\WORKSPACE\TEST\CLIENTDLL\TEST_DLL_RAD\WIN32\DEBUG\PROJECT1.OBJ ACBP=A9
 0002:0000023C 00000048 C=DATA    S=_DATA    G=DGROUP   M=D:\WORKSPACE\TEST\CLIENTDLL\TEST_DLL_RAD\WIN32\DEBUG\CLIENTLIB_TLB.OBJ ACBP=A9
 0002:00000284 00000CC4 C=DATA    S=_DATA    G=DGROUP   M=D:\WORKSPACE\TEST\CLIENTDLL\TEST_DLL_RAD\WIN32\DEBUG\UNIT1.OBJ ACBP=A9
 0002:00000F48 00000004 C=DATA    S=_DATA    G=DGROUP   M=C:\PROGRAM FILES (X86)\EMBARCADERO\STUDIO\19.0\LIB\WIN32\RELEASE\CP32MTI.LIB|_stkchk ACBP=A9
 0002:00000F4C 00000024 C=DATA    S=_DATA    G=DGROUP   M=C:\PROGRAM FILES (X86)\EMBARCADERO\STUDIO\19.0\LIB\WIN32\RELEASE\CP32MTI.LIB|vclshmem ACBP=A9
 0002:00000F70 00000004 C=DATA    S=_DATA    G=DGROUP   M=C:\PROGRAM FILES (X86)\EMBARCADERO\STUDIO\19.0\LIB\WIN32\RELEASE\CP32MTI.LIB|fmode ACBP=A9
 0002:00000F74 00000004 C=DATA    S=_DATA    G=DGROUP   M=C:\PROGRAM FILES (X86)\EMBARCADERO\STUDIO\19.0\LIB\WIN32\RELEASE\CP32MTI.LIB|cfinfo ACBP=A9
 0002:00000F78 00000004 C=DATA    S=_DATA    G=DGROUP   M=C:\PROGRAM FILES (X86)\EMBARCADERO\STUDIO\19.0\LIB\WIN32\RELEASE\CP32MTI.LIB|xinitcvt ACBP=A9
 0002:00000F7C 000000DC C=DATA    S=_DATA    G=DGROUP   M=C:\PROGRAM FILES (X86)\EMBARCADERO\STUDIO\19.0\LIB\WIN32\RELEASE\CP32MTI.LIB|delayhlp ACBP=A9
 0002:00001058 00000018 C=DATA    S=_DATA    G=DGROUP   M=C:\PROGRAM FILES (X86)\EMBARCADERO\STUDIO\19.0\LIB\WIN32\RELEASE\CP32MTI.LIB|debug_wrapper ACBP=A9
 0002:00001070 00000004 C=DATA    S=_DATA    G=DGROUP   M=C:\PROGRAM FILES (X86)\EMBARCADERO\STUDIO\19.0\LIB\WIN32\RELEASE\CP32MTI.LIB|setargv2 ACBP=A9
 0002:00001070 00000004 C=DATA    S=_DATA    G=DGROUP   M=C:\PROGRAM FILES (X86)\EMBARCADERO\STUDIO\19.0\LIB\WIN32\RELEASE\CP32MTI.LIB|wildptr ACBP=A9
 0002:00001074 00000004 C=DATA    S=_DATA    G=DGROUP   M=C:\PROGRAM FILES (X86)\EMBARCADERO\STUDIO\19.0\LIB\WIN32\RELEASE\CP32MTI.LIB|wwildptr ACBP=A9
 0002:00001078 00000004 C=DATA    S=_DATA    G=DGROUP   M=C:\PROGRAM FILES (X86)\EMBARCADERO\STUDIO\19.0\LIB\WIN32\RELEASE\CP32MTI.LIB|wsetarg2 ACBP=A9
 0002:0000107C 00000004 C=DATA    S=_DATA    G=DGROUP   M=C:\PROGRAM FILES (X86)\EMBARCADERO\STUDIO\19.0\LIB\WIN32\RELEASE\CP32MTI.LIB|wxsetenp ACBP=A9
 0002:00001080 000000C8 C=DATA    S=_DATA    G=DGROUP   M=C:\PROGRAM FILES (X86)\EMBARCADERO\STUDIO\19.0\LIB\WIN32\RELEASE\CP32MTI.LIB|xxv ACBP=A9
 0002:00001130 00000004 C=DATA    S=_DATA    G=DGROUP   M=C:\PROGRAM FILES (X86)\EMBARCADERO\STUDIO\19.0\LIB\WIN32\RELEASE\CP32MTI.LIB|xx_xpf ACBP=A9
 0002:00001134 00000038 C=DATA    S=_DATA    G=DGROUP   M=C:\PROGRAM FILES (X86)\EMBARCADERO\STUDIO\19.0\LIB\WIN32\DEBUG\VCLE.LIB|syssupp ACBP=A9
 0002:00001154 00000110 C=DATA    S=_DATA    G=DGROUP   M=C:\PROGRAM FILES (X86)\EMBARCADERO\STUDIO\19.0\LIB\WIN32\DEBUG\VCLE.LIB|vclinit ACBP=A9
 0002:00001264 00000090 C=DATA    S=_DATA    G=DGROUP   M=C:\PROGRAM FILES (X86)\EMBARCADERO\STUDIO\19.0\LIB\WIN32\DEBUG\VCLE.LIB|ustring ACBP=A9
 0002:000012DC 00000002 C=DATA    S=_DATA    G=DGROUP   M=C:\PROGRAM FILES (X86)\EMBARCADERO\STUDIO\19.0\LIB\WIN32\DEBUG\VCLE.LIB|classcre ACBP=A9
 0002:000012E0 00000024 C=DATA    S=_DATA    G=DGROUP   M=<internal> ACBP=A9
 0003:00000000 00000010 C=BSS     S=_BSS     G=DGROUP   M=C:\PROGRAM FILES (X86)\EMBARCADERO\STUDIO\19.0\LIB\WIN32\RELEASE\RTL.BPI|Winapi.Windows.pas ACBP=A9
 0003:00000010 00000064 C=BSS     S=_BSS     G=DGROUP   M=C:\PROGRAM FILES (X86)\EMBARCADERO\STUDIO\19.0\LIB\WIN32\RELEASE\RTL.BPI|Winapi.PsAPI.pas ACBP=A9
 0003:00000074 00000004 C=BSS     S=_BSS     G=DGROUP   M=C:\PROGRAM FILES (X86)\EMBARCADERO\STUDIO\19.0\LIB\WIN32\RELEASE\RTL.BPI|Winapi.Messages.pas ACBP=A9
 0003:00000078 00000004 C=BSS     S=_BSS     G=DGROUP   M=C:\PROGRAM FILES (X86)\EMBARCADERO\STUDIO\19.0\LIB\WIN32\RELEASE\RTL.BPI|Winapi.ActiveX.pas ACBP=A9
 0003:0000007C 00000010 C=BSS     S=_BSS     G=DGROUP   M=C:\PROGRAM FILES (X86)\EMBARCADERO\STUDIO\19.0\LIB\WIN32\RELEASE\RTL.BPI|System.Win.Crtl.pas ACBP=A9
 0003:0000008C 00000004 C=BSS     S=_BSS     G=DGROUP   M=C:\PROGRAM FILES (X86)\EMBARCADERO\STUDIO\19.0\LIB\WIN32\RELEASE\RTL.BPI|Winapi.Qos.pas ACBP=A9
 0003:00000090 00000004 C=BSS     S=_BSS     G=DGROUP   M=C:\PROGRAM FILES (X86)\EMBARCADERO\STUDIO\19.0\LIB\WIN32\RELEASE\RTL.BPI|Winapi.Winsock2.pas ACBP=A9
 0003:00000094 00000004 C=BSS     S=_BSS     G=DGROUP   M=C:\PROGRAM FILES (X86)\EMBARCADERO\STUDIO\19.0\LIB\WIN32\RELEASE\RTL.BPI|Winapi.WinHTTP.pas ACBP=A9
 0003:00000098 00000004 C=BSS     S=_BSS     G=DGROUP   M=C:\PROGRAM FILES (X86)\EMBARCADERO\STUDIO\19.0\LIB\WIN32\RELEASE\RTL.BPI|System.Internal.StrHlpr.pas ACBP=A9
 0003:0000009C 00000004 C=BSS     S=_BSS     G=DGROUP   M=C:\PROGRAM FILES (X86)\EMBARCADERO\STUDIO\19.0\LIB\WIN32\RELEASE\RTL.BPI|Winapi.StructuredQueryCondition.pas ACBP=A9
 0003:000000A0 00000004 C=BSS     S=_BSS     G=DGROUP   M=C:\PROGRAM FILES (X86)\EMBARCADERO\STUDIO\19.0\LIB\WIN32\RELEASE\RTL.BPI|Winapi.Propsys.pas ACBP=A9
 0003:000000A4 00000040 C=BSS     S=_BSS     G=DGROUP   M=C:\PROGRAM FILES (X86)\EMBARCADERO\STUDIO\19.0\LIB\WIN32\RELEASE\RTL.BPI|Winapi.CommCtrl.pas ACBP=A9
 0003:000000E4 00000004 C=BSS     S=_BSS     G=DGROUP   M=C:\PROGRAM FILES (X86)\EMBARCADERO\STUDIO\19.0\LIB\WIN32\RELEASE\RTL.BPI|Winapi.IpExport.pas ACBP=A9
 0003:000000E8 0000000C C=BSS     S=_BSS     G=DGROUP   M=C:\PROGRAM FILES (X86)\EMBARCADERO\STUDIO\19.0\LIB\WIN32\RELEASE\RTL.BPI|Winapi.ShellAPI.pas ACBP=A9
 0003:000000F4 00000004 C=BSS     S=_BSS     G=DGROUP   M=C:\PROGRAM FILES (X86)\EMBARCADERO\STUDIO\19.0\LIB\WIN32\RELEASE\RTL.BPI|Winapi.RegStr.pas ACBP=A9
 0003:000000F8 00000004 C=BSS     S=_BSS     G=DGROUP   M=C:\PROGRAM FILES (X86)\EMBARCADERO\STUDIO\19.0\LIB\WIN32\RELEASE\RTL.BPI|Winapi.WinInet.pas ACBP=A9
 0003:000000FC 00000004 C=BSS     S=_BSS     G=DGROUP   M=C:\PROGRAM FILES (X86)\EMBARCADERO\STUDIO\19.0\LIB\WIN32\RELEASE\RTL.BPI|Winapi.UrlMon.pas ACBP=A9
 0003:00000100 00000004 C=BSS     S=_BSS     G=DGROUP   M=C:\PROGRAM FILES (X86)\EMBARCADERO\STUDIO\19.0\LIB\WIN32\RELEASE\RTL.BPI|Winapi.ObjectArray.pas ACBP=A9
 0003:00000104 00000004 C=BSS     S=_BSS     G=DGROUP   M=C:\PROGRAM FILES (X86)\EMBARCADERO\STUDIO\19.0\LIB\WIN32\RELEASE\RTL.BPI|Winapi.ShlObj.pas ACBP=A9
 0003:00000108 00000004 C=BSS     S=_BSS     G=DGROUP   M=C:\PROGRAM FILES (X86)\EMBARCADERO\STUDIO\19.0\LIB\WIN32\RELEASE\RTL.BPI|Winapi.ShellScaling.pas ACBP=A9
 0003:0000010C 00000004 C=BSS     S=_BSS     G=DGROUP   M=C:\PROGRAM FILES (X86)\EMBARCADERO\STUDIO\19.0\LIB\WIN32\RELEASE\RTL.BPI|Winapi.WinSock.pas ACBP=A9
 0003:00000110 00000004 C=BSS     S=_BSS     G=DGROUP   M=C:\PROGRAM FILES (X86)\EMBARCADERO\STUDIO\19.0\LIB\WIN32\RELEASE\RTL.BPI|Winapi.DwmApi.pas ACBP=A9
 0003:00000114 00000004 C=BSS     S=_BSS     G=DGROUP   M=C:\PROGRAM FILES (X86)\EMBARCADERO\STUDIO\19.0\LIB\WIN32\RELEASE\RTL.BPI|Winapi.CommDlg.pas ACBP=A9
 0003:00000118 00000004 C=BSS     S=_BSS     G=DGROUP   M=C:\PROGRAM FILES (X86)\EMBARCADERO\STUDIO\19.0\LIB\WIN32\RELEASE\RTL.BPI|Winapi.Dlgs.pas ACBP=A9
 0003:0000011C 00000004 C=BSS     S=_BSS     G=DGROUP   M=C:\PROGRAM FILES (X86)\EMBARCADERO\STUDIO\19.0\LIB\WIN32\RELEASE\RTL.BPI|Winapi.Imm.pas ACBP=A9
 0003:00000120 00000004 C=BSS     S=_BSS     G=DGROUP   M=C:\PROGRAM FILES (X86)\EMBARCADERO\STUDIO\19.0\LIB\WIN32\RELEASE\RTL.BPI|Winapi.MsCTF.pas ACBP=A9
 0003:00000124 00000004 C=BSS     S=_BSS     G=DGROUP   M=C:\PROGRAM FILES (X86)\EMBARCADERO\STUDIO\19.0\LIB\WIN32\RELEASE\RTL.BPI|Winapi.TpcShrd.pas ACBP=A9
 0003:00000128 00000004 C=BSS     S=_BSS     G=DGROUP   M=C:\PROGRAM FILES (X86)\EMBARCADERO\STUDIO\19.0\LIB\WIN32\RELEASE\RTL.BPI|Winapi.MsInkAut.pas ACBP=A9
 0003:0000012C 00000004 C=BSS     S=_BSS     G=DGROUP   M=C:\PROGRAM FILES (X86)\EMBARCADERO\STUDIO\19.0\LIB\WIN32\RELEASE\RTL.BPI|Winapi.PenInputPanel.pas ACBP=A9
 0003:00000130 00000004 C=BSS     S=_BSS     G=DGROUP   M=C:\PROGRAM FILES (X86)\EMBARCADERO\STUDIO\19.0\LIB\WIN32\RELEASE\RTL.BPI|Winapi.RichEdit.pas ACBP=A9
 0003:00000134 00000004 C=BSS     S=_BSS     G=DGROUP   M=C:\PROGRAM FILES (X86)\EMBARCADERO\STUDIO\19.0\LIB\WIN32\RELEASE\RTL.BPI|Winapi.WinSpool.pas ACBP=A9
 0003:00000138 00000028 C=BSS     S=_BSS     G=DGROUP   M=C:\PROGRAM FILES (X86)\EMBARCADERO\STUDIO\19.0\LIB\WIN32\RELEASE\SYSINIT.OBJ ACBP=A9
 0003:00000160 00000004 C=BSS     S=_BSS     G=DGROUP   M=D:\WORKSPACE\TEST\CLIENTDLL\TEST_DLL_RAD\WIN32\DEBUG\CLIENTLIB_TLB.OBJ ACBP=A9
 0003:00000164 00000008 C=BSS     S=_BSS     G=DGROUP   M=D:\WORKSPACE\TEST\CLIENTDLL\TEST_DLL_RAD\WIN32\DEBUG\UNIT1.OBJ ACBP=A9
 0003:0000016C 00000008 C=BSS     S=_BSS     G=DGROUP   M=C:\PROGRAM FILES (X86)\EMBARCADERO\STUDIO\19.0\LIB\WIN32\RELEASE\CP32MTI.LIB|delayhk ACBP=A9
 0003:00000174 00000004 C=BSS     S=_BSS     G=DGROUP   M=C:\PROGRAM FILES (X86)\EMBARCADERO\STUDIO\19.0\LIB\WIN32\RELEASE\CP32MTI.LIB|debug_wrapper ACBP=A9
 0003:00000178 00000008 C=BSS     S=_BSS     G=DGROUP   M=C:\PROGRAM FILES (X86)\EMBARCADERO\STUDIO\19.0\LIB\WIN32\RELEASE\CP32MTI.LIB|setargv2 ACBP=A9
 0003:00000180 00000004 C=BSS     S=_BSS     G=DGROUP   M=C:\PROGRAM FILES (X86)\EMBARCADERO\STUDIO\19.0\LIB\WIN32\RELEASE\CP32MTI.LIB|wsetarg2 ACBP=A9
 0003:00000184 00000008 C=BSS     S=_BSS     G=DGROUP   M=C:\PROGRAM FILES (X86)\EMBARCADERO\STUDIO\19.0\LIB\WIN32\RELEASE\CP32MTI.LIB|xxv ACBP=A9
 0004:00000000 0000009C C=TLS     S=_TLS     G=DGROUP   M=C:\PROGRAM FILES (X86)\EMBARCADERO\STUDIO\19.0\LIB\WIN32\RELEASE\CP32MTI.LIB|xxv ACBP=A9

 Address Publics by Name

 0003:00000184  B1012_2
 0003:0000016C  B974_0
 0003:00000174  B980_2
 0003:00000178  B986_2
 0003:00000180  B992_2
 0001:000043A4  C1012_0
 0001:000043A4  C1012_4
 0001:00004448  C1014_0
 0001:00004514  C1033_0
 0001:00004514  C1033_2
 0001:00004848  C1051_0
 0001:00004898  C1053_0
 0001:000010AC  C1_0
 0001:0000377C  C937_0
 0001:00003880  C939_0
 0001:00004010  C980_0
 0001:00004010  C980_3
 0001:00004354  C986_0
 0001:00004354  C986_3
 0001:00004374  C986_4
 0001:0000437C  C992_0
 0001:0000437C  C992_3
 0001:0000439C  C992_4
 0003:00000160  Clientlib_tlb::B7_3
 0002:0000025C  Clientlib_tlb::CLSID_ClientProtocolLib
 0002:0000023C  Clientlib_tlb::D7_1
 0002:0000024C  Clientlib_tlb::IID_IClientProtocolLib
 0002:0000026C  Clientlib_tlb::IID__ClientProtocolLib
 0002:0000023C  Clientlib_tlb::LIBID_ClientLib
 0001:00003E30  CountOfImports(_IMAGE_THUNK_DATA32 *)
 0002:00001080  D1012_1
 0002:00001130  D1016_0
 0002:00001134  D1029_1
 0002:00001154  D1033_1
 0002:000012DC  D1051_1
 0002:00000000  D1_1
 0002:00000170  D6_1
 0002:00000F48  D923_0
 0002:00000F4C  D941_1
 0002:00000F70  D956_0
 0002:00000F74  D958_0
 0002:00000F78  D970_0
 0002:00000F7C  D972_1
 0002:00001070  D988_0
 0002:00001074  D990_0
 0002:00001078  D992_1
 0002:0000107C  D996_0
 0001:00003C88  HINSTANCE__ * * PFromRva<HINSTANCE__ * *>(unsigned long)
 0001:00003F4C  ImgDelayDescr * PFromRva<ImgDelayDescr *>(unsigned long)
 0001:00003F5C  PFromRva<int _int __stdcall (*)() * _stdcall (*)() *>(unsigned long)
 0003:00000138  Sysinit::B5_2
 0001:00001648  Sysinit::C5_0
 0002:000000E4  Sysinit::D5_1
 0002:0000013C  Sysinit::DataMark
 0002:00000144  Sysinit::DelayLoadHelper
 0003:00000148  Sysinit::DllProc
 0003:00000148  Sysinit::DllProcEx
 0003:0000013C  Sysinit::HInstance
 0002:00000150  Sysinit::HrLoadAllImportsForDll
 0003:FFFF7D00  Sysinit::ImageBase
 0003:0000013A  Sysinit::ModuleIsCpp
 0003:00000138  Sysinit::ModuleIsLib
 0003:00000139  Sysinit::ModuleIsPackage
 0002:00000138  Sysinit::TlsIndex
 0003:0000013B  Sysinit::TlsLast
 0002:00000140  Sysinit::UnloadDelayLoadedDLLPtr
 0001:00001BD0  Sysinit::VclExit()
 0001:00001B38  Sysinit::VclInit(bool, bool, int, bool)
 0001:00001AF8  Sysinit::_16403
 0002:00000154  Sysinit::_16412
 0001:00001B08  Sysinit::_16420
 0001:00001B14  Sysinit::_16421
 0001:00001C00  Sysinit::_16432
 0001:00001C10  Sysinit::_16433
 0001:00001C20  Sysinit::_16434
 0001:00001C30  Sysinit::_16435
 0001:00001C40  Sysinit::_16436
 0001:00001C50  Sysinit::_16437
 0001:00001C64  Sysinit::_16438
 0001:00001C94  Sysinit::_16439
 0001:00001CAC  Sysinit::_16440
 0001:00001CD4  Sysinit::_16441
 0001:00001CF8  Sysinit::_16442
 0001:00001D08  Sysinit::_16443
 0003:FFFF7D00  Sysinit::__ImageBase
 0001:000011F6  Sysinit::__linkproc__ __fastcall GetTls()
 0001:00001928  Sysinit::__linkproc__ __fastcall _FUnloadDelayLoadedDLL2()
 0001:00001A38  Sysinit::__linkproc__ __fastcall _HrLoadAllImportsForDll()
 0001:00001648  Sysinit::__linkproc__ __fastcall _delayLoadHelper2()
 0003:00000154  Sysinit::__linkproc__ _pfnDliFailureHook2
 0003:00000150  Sysinit::__linkproc__ _pfnDliNotifyHook2
 0003:0000014C  Sysinit::dbkFCallWrapperAddr
 0002:0000014C  Sysinit::pfnDliFailureHook
 0002:00000148  Sysinit::pfnDliNotifyHook
 0003:00000098  System.internal.strhlpr::B184_1
 0003:0000007C  System.win.crtl::B90_2
 0002:000011C0  System::Dateutils::EpochAsJulianDate
 0002:00001190  System::Dateutils::OneHour
 0002:000011B4  System::Dateutils::OneMillisecond
 0002:0000119C  System::Dateutils::OneMinute
 0002:000011A8  System::Dateutils::OneSecond
 0001:0000340C  System::DynamicArray<Vcl::Forms::TPopupWnd>::DecRefCount()
 0001:00003434  System::DynamicArray<Vcl::Forms::TPopupWnd>::FreeData()
 0001:000034AC  System::DynamicArray<Vcl::Forms::TPopupWnd>::GetRec() const
 0001:0000348C  System::DynamicArray<Vcl::Forms::TPopupWnd>::get_length() const
 0001:000033E0  System::DynamicArray<Vcl::Forms::TPopupWnd>::~DynamicArray<Vcl::Forms::TPopupWnd>()
 0002:00001160  System::Math::Infinity
 0002:00001184  System::Math::MaxComp
 0002:00001178  System::Math::MinComp
 0002:00001154  System::Math::NaN
 0002:0000116C  System::Math::NegInfinity
 0001:00001EA0  System::Sysutils::Exception::Exception(System::Sysutils::Exception&)
 0001:00001FAC  System::TObject::TObject(System::TObject&)
 0002:000011FC  System::Types::CurveKappa
 0002:00001208  System::Types::CurveKappaInv
 0002:00001214  System::Types::Epsilon
 0002:00001218  System::Types::Epsilon2
 0002:000011F0  System::Types::c180
 0002:000011D4  System::Types::c180divPI
 0002:000011D8  System::Types::c2PI
 0002:000011F4  System::Types::c360
 0002:000011E4  System::Types::c3PIdiv4
 0002:000011E8  System::Types::cInv2PI
 0002:000011EC  System::Types::cInv360
 0002:000011F8  System::Types::cOneHalf
 0002:000011CC  System::Types::cPI
 0002:000011D0  System::Types::cPIdiv180
 0002:000011DC  System::Types::cPIdiv2
 0002:000011E0  System::Types::cPIdiv4
 0001:00004830  System::UnicodeString::SetLength(int)
 0001:0000224C  System::UnicodeString::UnicodeString()
 0001:0000469C  System::UnicodeString::UnicodeString(System::UnicodeString&)
 0001:00004660  System::UnicodeString::UnicodeString(const char *)
 0001:00004728  System::UnicodeString::UnicodeString(const wchar_t *)
 0001:00002794  System::UnicodeString::c_str() const
 0001:000047B4  System::UnicodeString::operator =(System::UnicodeString&)
 0001:00004814  System::UnicodeString::sprintf(const wchar_t *, ...)
 0001:000047CC  System::UnicodeString::vprintf(const wchar_t *, void *)
 0001:00004790  System::UnicodeString::~UnicodeString()
 0003:00000084  System::Win::Crtl::___errno
 0003:00000080  System::Win::Crtl::__errno
 0003:0000007C  System::Win::Crtl::_errno
 0004:00000000  T1012_3
 0002:00000C0C  TForm1::
 0001:00003E70  ULI::Unlink()
 0001:00003FC0  ULI::operator delete(void *)
 0001:00003FD0  ULI::~ULI()
 0003:00000164  Unit1::B8_2
 0003:00000168  Unit1::B8_3
 0002:00000284  Unit1::D8_1
 0003:00000078  Winapi.activex::B44_2
 0003:000000A4  Winapi.commctrl::B286_2
 0003:00000114  Winapi.commdlg::B366_1
 0003:00000118  Winapi.dlgs::B450_1
 0003:00000110  Winapi.dwmapi::B346_1
 0003:0000011C  Winapi.imm::B472_1
 0003:000000E4  Winapi.ipexport::B288_1
 0003:00000074  Winapi.messages::B38_1
 0003:00000120  Winapi.msctf::B492_2
 0003:00000128  Winapi.msinkaut::B498_2
 0003:00000100  Winapi.objectarray::B298_2
 0003:0000012C  Winapi.peninputpanel::B516_2
 0003:000000A0  Winapi.propsys::B266_2
 0003:00000010  Winapi.psapi::B28_1
 0003:0000008C  Winapi.qos::B152_1
 0003:000000F4  Winapi.regstr::B292_1
 0003:00000130  Winapi.richedit::B520_1
 0003:000000E8  Winapi.shellapi::B290_2
 0003:00000108  Winapi.shellscaling::B318_1
 0003:00000104  Winapi.shlobj::B302_2
 0003:0000009C  Winapi.structuredquerycondition::B264_2
 0003:00000124  Winapi.tpcshrd::B496_1
 0003:000000FC  Winapi.urlmon::B296_2
 0003:00000000  Winapi.windows::B20_2
 0003:00000094  Winapi.winhttp::B156_2
 0003:000000F8  Winapi.wininet::B294_1
 0003:00000090  Winapi.winsock2::B154_1
 0003:0000010C  Winapi.winsock::B334_1
 0003:00000134  Winapi.winspool::B538_1
 0002:000000E0  Winapi::Msctf::MsCTFHandle
 0001:00001580  Winapi::Msctf::_16611
 0001:000015C0  Winapi::Msctf::_16612
 0002:000000D4  Winapi::Shellapi::_16440
 0002:000000D8  Winapi::Shellapi::_16441
 0002:000000DC  Winapi::Shellapi::_16442
 0001:00001464  Winapi::Shellapi::_16447
 0003:000000E8  Winapi::Shellapi::_NOTIFYICONDATAA::_ClassInitFlag
 0001:000014A0  Winapi::Shellapi::_NOTIFYICONDATAA::operator ...
 0001:00001454  Winapi::Shellapi::_NOTIFYICONDATAA::operator ...
 0003:000000EC  Winapi::Shellapi::_NOTIFYICONDATAW::_ClassInitFlag
 0001:000014B0  Winapi::Shellapi::_NOTIFYICONDATAW::operator ...
 0001:0000145C  Winapi::Shellapi::_NOTIFYICONDATAW::operator ...
 0002:000000C8  Winapi::Windows::_17513
 0002:000000CC  Winapi::Windows::_17514
 0002:000000D0  Winapi::Windows::_17515
 0001:00001210  Winapi::Windows::_17739
 0003:00000164  _Form1
 0001:00003CB8  _IMAGE_IMPORT_BY_NAME * PFromRva<_IMAGE_IMPORT_BY_NAME *>(unsigned long)
 0001:00003CA8  _IMAGE_THUNK_DATA32 * PFromRva<_IMAGE_THUNK_DATA32 *>(unsigned long)
 0001:00003C98  _IMAGE_THUNK_DATA32 * PFromRva<_IMAGE_THUNK_DATA32 *>(unsigned long)
 0001:00003F6C  _ShutdownDelayHelp2
 0001:000048DE  _System__CheckAutoResult
 0001:000048E8  _System__DynArrayAddRef
 0001:000048E3  _System__DynArrayRelease
 0001:00004898  _System__LStrAsg
 0001:0000489D  _System__LStrCat
 0001:000048A2  _System__LStrCat3
 0001:000048A7  _System__LStrClr
 0001:000048AC  _System__LStrCmp
 0001:000048B1  _System__LStrDelete
 0001:000048B6  _System__LStrFromArray
 0001:000048BB  _System__LStrFromPChar
 0001:000048D9  _System__LStrFromPWCharLen
 0001:000048C0  _System__LStrFromUStr
 0001:000048C5  _System__LStrFromWChar
 0001:000048CA  _System__LStrFromWStr
 0001:000048CF  _System__LStrInsert
 0001:000048D4  _System__LStrSetLength
 0001:00004855  __AfterConstruction
 0001:0000485D  __BeforeDestruction
 0001:00004848  __ClassCreate
 0001:00004850  __ClassDestroy
 0003:00000184  __DestructorCountPtr
 0001:000043D0  __ExceptInit
 0002:0000111C  __ExceptVarsSize
 0001:0000448F  __ExceptionHandler
 0001:00004481  __ExitExceptBlock
 0001:00004654  __ExitVCL
 0001:00003CC8  __FUnloadDelayLoadedDLL2
 0001:0000110F  __GetExceptDLLinfo
 0001:00004420  __GetExceptDLLinfoInternal
 0001:00003E94  __HrLoadAllImportsForDll
 0001:00004448  __InitExceptBlockLDTC
 0001:00004610  __InitVCL
 0002:000000B0  __PackageInfoTable
 0002:00000138  __TLS_index
 0002:000000A3  __TLS_index4
 0001:00004870  ___AfterConstruction
 0001:00004872  ___BeforeDestruction
 0002:000000AC  ___CPPdebugHook
 0002:000000AC  ___CPPdebugHook_segment
 0002:00001080  ___CPPexceptionList
 0001:00003880  ___CRTL_VCLLIB_Linkage
 0001:00003910  ___CRTL_VCL_HookSystem
 0001:00003798  ___CRTL_VCL_Init
 0001:00003884  ___CRTL_VCL_Sharemem
 0001:0000486C  ___ClassCreate
 0001:0000486E  ___ClassDestroy
 0002:0000109C  ___ExceptStaticXbuff
 0001:000011F6  ___System__GetTls
 0001:0000401C  ___dbkFCallArgs
 0003:00000178  ___dll_argc
 0003:0000017C  ___dll_argv
 0003:00000180  ___dll_wargv
 0002:00001084  ___exceptFlags
 0002:00001098  ___exceptMemAllocVars
 0002:00001094  ___exceptStaticBuffP
 0002:00000091  ___isDLL
 0002:00000058  ___isGUI
 0002:00000090  ___isVCLPackage
 0003:00000170  ___pfnDliFailureHook2
 0003:0000016C  ___pfnDliNotifyHook2
 0002:00000F7C  ___puiHead
 0002:00001090  ___throwExceptionName
 0002:00001088  ___throwFileName
 0002:0000108C  ___throwLineNumber
 0002:0000009E  ___useDynamicTLS
 0004:00000000  ___xxInfo
 0002:00001130  ___xxPersonality
 0001:000010AC  __acrtused
 0002:00001070  __argv_expand_ptr
 0002:00000784  __chtbl__ __fastcall TForm1::ButtonConnectClick(System::TObject *)
 0002:000008E8  __chtbl__ __fastcall TForm1::ButtonDisonnectClick(System::TObject *)
 0002:000009FC  __chtbl__ __fastcall TForm1::ButtonSendMsgClick(System::TObject *)
 0002:000001AC  __chtbl__ __stdcall wWinMain(HINSTANCE__ *, HINSTANCE__ *, wchar_t *, int)
 0002:00000178  __chtbl__ __stdcall wWinMain(HINSTANCE__ *, HINSTANCE__ *, wchar_t *, int)
 0001:00004881  __currMul
 0001:00001208  __dbk_fcall_wrapper
 0003:00000174  __dbk_fcall_wrapper_addr
 0001:00003950  __delayLoadHelper2
 0002:00000224  __ectbl__ System::Sysutils::Exception::Exception(System::Sysutils::Exception&)
 0002:00000230  __ectbl__ System::TObject::TObject(System::TObject&)
 0002:00000BCC  __ectbl__ System::UnicodeString::UnicodeString()
 0002:0000129C  __ectbl__ System::UnicodeString::UnicodeString(System::UnicodeString&)
 0002:00001274  __ectbl__ System::UnicodeString::UnicodeString(const char *)
 0002:000012C4  __ectbl__ System::UnicodeString::UnicodeString(const wchar_t *)
 0002:0000113C  __ectbl__ __fastcall System::CheckSafecallResult(long)
 0002:00001240  __ectbl__ __fastcall System::setLStrData(System::AnsiStringT<0> *, unsigned int, const char *)
 0002:0000084C  __ectbl__ __fastcall TForm1::ButtonConnectClick(System::TObject *)
 0002:00000948  __ectbl__ __fastcall TForm1::ButtonDisonnectClick(System::TObject *)
 0002:00000AD0  __ectbl__ __fastcall TForm1::ButtonSendMsgClick(System::TObject *)
 0002:00000B7C  __ectbl__ __fastcall TForm1::ButtonTestClick(System::TObject *)
 0002:000009CC  __ectbl__ __fastcall TForm1::ChangeProtocol(System::TObject *)
 0002:00000720  __ectbl__ __fastcall TForm1::TForm1(System::Classes::TComponent *)
 0002:0000076C  __ectbl__ __fastcall TForm1::~TForm1()
 0002:00000BA4  __ectbl__ __fastcall Vcl::Forms::TForm::TForm(System::Classes::TComponent *)
 0002:00000F30  __ectbl__ __fastcall Vcl::Forms::TForm::TForm(System::Classes::TComponent *, int)
 0002:00000BF4  __ectbl__ __fastcall Vcl::Forms::TForm::~TForm()
 0002:0000104C  __ectbl__ __stdcall __FUnloadDelayLoadedDLL2(const char *)
 0002:00000FE0  __ectbl__ __stdcall __delayLoadHelper2(ImgDelayDescr *, int __stdcall (*)() *)
 0002:000001DC  __ectbl__ __stdcall wWinMain(HINSTANCE__ *, HINSTANCE__ *, wchar_t *, int)
 0002:00001058  __ectbl__ _internal_dbk_fcall_wrapper()
 0001:000027B0  __fastcall Clientlib_tlb::IClientProtocolLib::Connect(Clientlib_tlb::ProtocolKind, wchar_t *, long)
 0001:00002324  __fastcall Clientlib_tlb::IClientProtocolLib::DisConnect()
 0001:0000275C  __fastcall Clientlib_tlb::IClientProtocolLib::IsConnected()
 0001:00002E98  __fastcall Clientlib_tlb::IClientProtocolLib::SendMsg(wchar_t *)
 0001:00001D18  __fastcall Sysinit::Finalization()
 0001:00001D28  __fastcall Sysinit::initialization()
 0001:000044B8  __fastcall System::CheckSafecallResult(long)
 0001:00003608  __fastcall System::DelphiInterface<System::IInterface>::~DelphiInterface<System::IInterface>()
 0001:00003648  __fastcall System::DelphiInterface<Vcl::Controls::IDockManager>::~DelphiInterface<Vcl::Controls::IDockManager>()
 0001:00003324  __fastcall System::DelphiInterface<Vcl::Forms::IDesignerHook>::~DelphiInterface<Vcl::Forms::IDesignerHook>()
 0001:000032E4  __fastcall System::DelphiInterface<Vcl::Forms::IOleForm>::~DelphiInterface<Vcl::Forms::IOleForm>()
 0001:00004938  __fastcall System::FindDynaInst(void *, int)
 0001:00001404  __fastcall System::Internal::Strhlpr::Finalization()
 0001:00001390  __fastcall System::Internal::Strhlpr::UnicodeAssign(System::UnicodeString&, System::UnicodeString&)
 0001:000013A4  __fastcall System::Internal::Strhlpr::UnicodeFree(System::UnicodeString&)
 0001:00001310  __fastcall System::Internal::Strhlpr::UnicodeFromPChar(System::UnicodeString&, char *, bool)
 0001:00001374  __fastcall System::Internal::Strhlpr::UnicodeFromUTF8(System::UnicodeString&, const char *)
 0001:00001388  __fastcall System::Internal::Strhlpr::UnicodeSetLength(System::UnicodeString&, int)
 0001:000013B0  __fastcall System::Internal::Strhlpr::WideFromUTF8(System::WideString&, const char *)
 0001:0000140C  __fastcall System::Internal::Strhlpr::initialization()
 0001:00004901  __fastcall System::TMetaClass::ClassInfo()
 0001:000048F7  __fastcall System::TMetaClass::ClassName()
 0001:0000492E  __fastcall System::TMetaClass::ClassNameIs(System::UnicodeString)
 0001:000048FC  __fastcall System::TMetaClass::ClassParent()
 0001:00004924  __fastcall System::TMetaClass::GetInterfaceEntry(_GUID&)
 0001:00004929  __fastcall System::TMetaClass::GetInterfaceTable()
 0001:00004906  __fastcall System::TMetaClass::InheritsFrom(System::TMetaClass *)
 0001:000048F2  __fastcall System::TMetaClass::InitInstance(void *)
 0001:000048ED  __fastcall System::TMetaClass::InstanceSize()
 0001:0000491F  __fastcall System::TMetaClass::MethodAddress(System::SmallString<255>&)
 0001:00004933  __fastcall System::TMetaClass::MethodAddress(System::UnicodeString)
 0001:0000490B  __fastcall System::TMetaClass::MethodName(void *)
 0001:00004910  __fastcall System::TMetaClass::QualifiedClassName()
 0001:00004915  __fastcall System::TMetaClass::UnitName()
 0001:0000491A  __fastcall System::TMetaClass::UnitScope()
 0001:000012D0  __fastcall System::Win::Crtl::Finalization()
 0001:000012D8  __fastcall System::Win::Crtl::initialization()
 0001:000045DC  __fastcall System::__linkStrModEvalRoutines()
 0001:00004548  __fastcall System::setLStrData(System::AnsiStringT<0> *, unsigned int, const char *)
 0001:00004530  __fastcall System::setUStrData(System::UnicodeString&, const char *)
 0001:0000453C  __fastcall System::setWStrData(System::WideString&, const char *)
 0001:000023B4  __fastcall TForm1::ButtonConnectClick(System::TObject *)
 0001:000027F8  __fastcall TForm1::ButtonDisonnectClick(System::TObject *)
 0001:00002AA4  __fastcall TForm1::ButtonSendMsgClick(System::TObject *)
 0001:00002ED4  __fastcall TForm1::ButtonTestClick(System::TObject *)
 0001:00002994  __fastcall TForm1::ChangeProtocol(System::TObject *)
 0001:0000205C  __fastcall TForm1::TForm1(System::Classes::TComponent *)
 0001:00002294  __fastcall TForm1::~TForm1()
 0001:000021F4  __fastcall Vcl::Forms::TForm::TForm(System::Classes::TComponent *)
 0001:00003054  __fastcall Vcl::Forms::TForm::TForm(System::Classes::TComponent *, int)
 0001:0000235C  __fastcall Vcl::Forms::TForm::~TForm()
 0001:000012C0  __fastcall Winapi::Activex::Finalization()
 0001:000012C8  __fastcall Winapi::Activex::initialization()
 0001:00001434  __fastcall Winapi::Commctrl::Finalization()
 0001:0000143C  __fastcall Winapi::Commctrl::initialization()
 0001:00001550  __fastcall Winapi::Commdlg::Finalization()
 0001:00001558  __fastcall Winapi::Commdlg::initialization()
 0001:00001560  __fastcall Winapi::Dlgs::Finalization()
 0001:00001568  __fastcall Winapi::Dlgs::initialization()
 0001:00001540  __fastcall Winapi::Dwmapi::Finalization()
 0001:00001548  __fastcall Winapi::Dwmapi::initialization()
 0001:00001570  __fastcall Winapi::Imm::Finalization()
 0001:00001578  __fastcall Winapi::Imm::initialization()
 0001:00001444  __fastcall Winapi::Ipexport::Finalization()
 0001:0000144C  __fastcall Winapi::Ipexport::initialization()
 0001:000012B0  __fastcall Winapi::Messages::Finalization()
 0001:000012B8  __fastcall Winapi::Messages::initialization()
 0001:000015D8  __fastcall Winapi::Msctf::Finalization()
 0001:000015E8  __fastcall Winapi::Msctf::initialization()
 0001:00001608  __fastcall Winapi::Msinkaut::Finalization()
 0001:00001610  __fastcall Winapi::Msinkaut::initialization()
 0001:00001500  __fastcall Winapi::Objectarray::Finalization()
 0001:00001508  __fastcall Winapi::Objectarray::initialization()
 0001:00001618  __fastcall Winapi::Peninputpanel::Finalization()
 0001:00001620  __fastcall Winapi::Peninputpanel::initialization()
 0001:00001424  __fastcall Winapi::Propsys::Finalization()
 0001:0000142C  __fastcall Winapi::Propsys::initialization()
 0001:00001284  __fastcall Winapi::Psapi::Finalization()
 0001:000012A8  __fastcall Winapi::Psapi::initialization()
 0001:000012E0  __fastcall Winapi::Qos::Finalization()
 0001:000012E8  __fastcall Winapi::Qos::initialization()
 0001:000014D0  __fastcall Winapi::Regstr::Finalization()
 0001:000014D8  __fastcall Winapi::Regstr::initialization()
 0001:00001628  __fastcall Winapi::Richedit::Finalization()
 0001:00001630  __fastcall Winapi::Richedit::initialization()
 0001:000014C0  __fastcall Winapi::Shellapi::Finalization()
 0001:000014C8  __fastcall Winapi::Shellapi::initialization()
 0001:00001520  __fastcall Winapi::Shellscaling::Finalization()
 0001:00001528  __fastcall Winapi::Shellscaling::initialization()
 0001:00001510  __fastcall Winapi::Shlobj::Finalization()
 0001:00001518  __fastcall Winapi::Shlobj::initialization()
 0001:00001414  __fastcall Winapi::Structuredquerycondition::Finalization()
 0001:0000141C  __fastcall Winapi::Structuredquerycondition::initialization()
 0001:000015F8  __fastcall Winapi::Tpcshrd::Finalization()
 0001:00001600  __fastcall Winapi::Tpcshrd::initialization()
 0001:000014F0  __fastcall Winapi::Urlmon::Finalization()
 0001:000014F8  __fastcall Winapi::Urlmon::initialization()
 0001:0000124C  __fastcall Winapi::Windows::Finalization()
 0001:0000126C  __fastcall Winapi::Windows::initialization()
 0001:00001300  __fastcall Winapi::Winhttp::Finalization()
 0001:00001308  __fastcall Winapi::Winhttp::initialization()
 0001:000014E0  __fastcall Winapi::Wininet::Finalization()
 0001:000014E8  __fastcall Winapi::Wininet::initialization()
 0001:000012F0  __fastcall Winapi::Winsock2::Finalization()
 0001:000012F8  __fastcall Winapi::Winsock2::initialization()
 0001:00001530  __fastcall Winapi::Winsock::Finalization()
 0001:00001538  __fastcall Winapi::Winsock::initialization()
 0001:00001638  __fastcall Winapi::Winspool::Finalization()
 0001:00001640  __fastcall Winapi::Winspool::initialization()
 0002:00000F74  __fileinfo
 0002:00000F70  __fmode
 0001:0000111C  __getHInstance
 0002:000000A7  __hInstance
 0002:000012F0  __indStub:69337
 0002:000012EC  __indStub:69338
 0002:000012F4  __indStub:69339
 0002:000012F8  __indStub:69340
 0002:000012FC  __indStub:69341
 0002:000012E0  __indStub:69426
 0002:000012E4  __indStub:69439
 0002:000012E8  __indStub:69441
 0001:00004218  __internal_dbk_fcall_wrapper
 0001:00001114  __isDLL
 0001:0000204C  __linkproc__ Clientlib_tlb::Finalize
 0001:0000203C  __linkproc__ Clientlib_tlb::Initialize
 0001:0000376C  __linkproc__ Unit1::Finalize
 0001:0000375C  __linkproc__ Unit1::Initialize
 0001:00003E00  __memcmp(const void *, const void *, unsigned int)
 0001:00003E48  __memcpy(void *, const void *, unsigned int)
 0002:00000BBC  __odtbl__ System::UnicodeString::UnicodeString()
 0002:0000128C  __odtbl__ System::UnicodeString::UnicodeString(System::UnicodeString&)
 0002:00001264  __odtbl__ System::UnicodeString::UnicodeString(const char *)
 0002:000012B4  __odtbl__ System::UnicodeString::UnicodeString(const wchar_t *)
 0002:00001220  __odtbl__ __fastcall System::setLStrData(System::AnsiStringT<0> *, unsigned int, const char *)
 0002:000007A4  __odtbl__ __fastcall TForm1::ButtonConnectClick(System::TObject *)
 0002:00000908  __odtbl__ __fastcall TForm1::ButtonDisonnectClick(System::TObject *)
 0002:00000A1C  __odtbl__ __fastcall TForm1::ButtonSendMsgClick(System::TObject *)
 0002:00000B6C  __odtbl__ __fastcall TForm1::ButtonTestClick(System::TObject *)
 0002:0000099C  __odtbl__ __fastcall TForm1::ChangeProtocol(System::TObject *)
 0002:000006E0  __odtbl__ __fastcall TForm1::TForm1(System::Classes::TComponent *)
 0002:0000075C  __odtbl__ __fastcall TForm1::~TForm1()
 0002:00000B94  __odtbl__ __fastcall Vcl::Forms::TForm::TForm(System::Classes::TComponent *)
 0002:00000F20  __odtbl__ __fastcall Vcl::Forms::TForm::TForm(System::Classes::TComponent *, int)
 0002:00000BE4  __odtbl__ __fastcall Vcl::Forms::TForm::~TForm()
 0002:00000FD0  __odtbl__ __stdcall __delayLoadHelper2(ImgDelayDescr *, int __stdcall (*)() *)
 0002:000001CC  __odtbl__ __stdcall wWinMain(HINSTANCE__ *, HINSTANCE__ *, wchar_t *, int)
 0001:00004874  __roundToInt64
 0002:00000F48  __stkchk
 0001:00003DEC  __strlen(const char *)
 0001:00003688  __tpdsc__ System::Classes::TComponent
 0001:000036F4  __tpdsc__ System::Classes::TPersistent
 0001:000035A0  __tpdsc__ System::DelphiInterface<System::IInterface>
 0001:0000352C  __tpdsc__ System::DelphiInterface<Vcl::Controls::IDockManager>
 0001:000031A0  __tpdsc__ System::DelphiInterface<Vcl::Forms::IDesignerHook>
 0001:00003210  __tpdsc__ System::DelphiInterface<Vcl::Forms::IOleForm>
 0001:0000327C  __tpdsc__ System::DynamicArray<Vcl::Forms::TPopupWnd>
 0001:00001E34  __tpdsc__ System::Sysutils::Exception
 0001:00001F40  __tpdsc__ System::Sysutils::Exception&
 0001:00001FF0  __tpdsc__ System::TObject
 0001:00001F58  __tpdsc__ System::UnicodeString
 0001:00002F5C  __tpdsc__ System::UnicodeString *
 0001:00002FD4  __tpdsc__ TForm1
 0001:0000302C  __tpdsc__ TForm1
 0001:0000227C  __tpdsc__ TForm1 *
 0001:00003F74  __tpdsc__ ULI
 0001:00003C64  __tpdsc__ ULI *
 0001:00003FF4  __tpdsc__ UnloadInfo
 0001:000034BC  __tpdsc__ Vcl::Controls::TControl
 0001:00003364  __tpdsc__ Vcl::Controls::TWinControl
 0001:000030B4  __tpdsc__ Vcl::Forms::TCustomForm
 0001:00002F78  __tpdsc__ Vcl::Forms::TForm
 0001:00002F48  __tpdsc__ Vcl::Forms::TForm *
 0001:00003134  __tpdsc__ Vcl::Forms::TScrollingWinControl
 0002:00000F78  __turboFloat
 0002:00001074  __wargv_expand_ptr
 0002:00001078  __wsetargv__
 0002:0000107C  __wsetenvp__
 0001:00003C78  const char * PFromRva<const char *>(unsigned long)
 0003:0000014C  dbkFCallWrapperAddr
 0001:0000470C  int System::WideCharLen<wchar_t>(const wchar_t *)
 0001:00004500  long DebugHlpr_HRCHECK<const char>(long, const char *, const char *, int)
 0001:00001D30  wWinMain

 Address Publics by Value

 0001:000010AC  C1_0
 0001:000010AC  __acrtused
 0001:0000110F  __GetExceptDLLinfo
 0001:00001114  __isDLL
 0001:0000111C  __getHInstance
 0001:000011F6  ___System__GetTls
 0001:000011F6  Sysinit::__linkproc__ __fastcall GetTls()
 0001:00001208  __dbk_fcall_wrapper
 0001:00001210  Winapi::Windows::_17739
 0001:0000124C  __fastcall Winapi::Windows::Finalization()
 0001:0000126C  __fastcall Winapi::Windows::initialization()
 0001:00001284  __fastcall Winapi::Psapi::Finalization()
 0001:000012A8  __fastcall Winapi::Psapi::initialization()
 0001:000012B0  __fastcall Winapi::Messages::Finalization()
 0001:000012B8  __fastcall Winapi::Messages::initialization()
 0001:000012C0  __fastcall Winapi::Activex::Finalization()
 0001:000012C8  __fastcall Winapi::Activex::initialization()
 0001:000012D0  __fastcall System::Win::Crtl::Finalization()
 0001:000012D8  __fastcall System::Win::Crtl::initialization()
 0001:000012E0  __fastcall Winapi::Qos::Finalization()
 0001:000012E8  __fastcall Winapi::Qos::initialization()
 0001:000012F0  __fastcall Winapi::Winsock2::Finalization()
 0001:000012F8  __fastcall Winapi::Winsock2::initialization()
 0001:00001300  __fastcall Winapi::Winhttp::Finalization()
 0001:00001308  __fastcall Winapi::Winhttp::initialization()
 0001:00001310  __fastcall System::Internal::Strhlpr::UnicodeFromPChar(System::UnicodeString&, char *, bool)
 0001:00001374  __fastcall System::Internal::Strhlpr::UnicodeFromUTF8(System::UnicodeString&, const char *)
 0001:00001388  __fastcall System::Internal::Strhlpr::UnicodeSetLength(System::UnicodeString&, int)
 0001:00001390  __fastcall System::Internal::Strhlpr::UnicodeAssign(System::UnicodeString&, System::UnicodeString&)
 0001:000013A4  __fastcall System::Internal::Strhlpr::UnicodeFree(System::UnicodeString&)
 0001:000013B0  __fastcall System::Internal::Strhlpr::WideFromUTF8(System::WideString&, const char *)
 0001:00001404  __fastcall System::Internal::Strhlpr::Finalization()
 0001:0000140C  __fastcall System::Internal::Strhlpr::initialization()
 0001:00001414  __fastcall Winapi::Structuredquerycondition::Finalization()
 0001:0000141C  __fastcall Winapi::Structuredquerycondition::initialization()
 0001:00001424  __fastcall Winapi::Propsys::Finalization()
 0001:0000142C  __fastcall Winapi::Propsys::initialization()
 0001:00001434  __fastcall Winapi::Commctrl::Finalization()
 0001:0000143C  __fastcall Winapi::Commctrl::initialization()
 0001:00001444  __fastcall Winapi::Ipexport::Finalization()
 0001:0000144C  __fastcall Winapi::Ipexport::initialization()
 0001:00001454  Winapi::Shellapi::_NOTIFYICONDATAA::operator ...
 0001:0000145C  Winapi::Shellapi::_NOTIFYICONDATAW::operator ...
 0001:00001464  Winapi::Shellapi::_16447
 0001:000014A0  Winapi::Shellapi::_NOTIFYICONDATAA::operator ...
 0001:000014B0  Winapi::Shellapi::_NOTIFYICONDATAW::operator ...
 0001:000014C0  __fastcall Winapi::Shellapi::Finalization()
 0001:000014C8  __fastcall Winapi::Shellapi::initialization()
 0001:000014D0  __fastcall Winapi::Regstr::Finalization()
 0001:000014D8  __fastcall Winapi::Regstr::initialization()
 0001:000014E0  __fastcall Winapi::Wininet::Finalization()
 0001:000014E8  __fastcall Winapi::Wininet::initialization()
 0001:000014F0  __fastcall Winapi::Urlmon::Finalization()
 0001:000014F8  __fastcall Winapi::Urlmon::initialization()
 0001:00001500  __fastcall Winapi::Objectarray::Finalization()
 0001:00001508  __fastcall Winapi::Objectarray::initialization()
 0001:00001510  __fastcall Winapi::Shlobj::Finalization()
 0001:00001518  __fastcall Winapi::Shlobj::initialization()
 0001:00001520  __fastcall Winapi::Shellscaling::Finalization()
 0001:00001528  __fastcall Winapi::Shellscaling::initialization()
 0001:00001530  __fastcall Winapi::Winsock::Finalization()
 0001:00001538  __fastcall Winapi::Winsock::initialization()
 0001:00001540  __fastcall Winapi::Dwmapi::Finalization()
 0001:00001548  __fastcall Winapi::Dwmapi::initialization()
 0001:00001550  __fastcall Winapi::Commdlg::Finalization()
 0001:00001558  __fastcall Winapi::Commdlg::initialization()
 0001:00001560  __fastcall Winapi::Dlgs::Finalization()
 0001:00001568  __fastcall Winapi::Dlgs::initialization()
 0001:00001570  __fastcall Winapi::Imm::Finalization()
 0001:00001578  __fastcall Winapi::Imm::initialization()
 0001:00001580  Winapi::Msctf::_16611
 0001:000015C0  Winapi::Msctf::_16612
 0001:000015D8  __fastcall Winapi::Msctf::Finalization()
 0001:000015E8  __fastcall Winapi::Msctf::initialization()
 0001:000015F8  __fastcall Winapi::Tpcshrd::Finalization()
 0001:00001600  __fastcall Winapi::Tpcshrd::initialization()
 0001:00001608  __fastcall Winapi::Msinkaut::Finalization()
 0001:00001610  __fastcall Winapi::Msinkaut::initialization()
 0001:00001618  __fastcall Winapi::Peninputpanel::Finalization()
 0001:00001620  __fastcall Winapi::Peninputpanel::initialization()
 0001:00001628  __fastcall Winapi::Richedit::Finalization()
 0001:00001630  __fastcall Winapi::Richedit::initialization()
 0001:00001638  __fastcall Winapi::Winspool::Finalization()
 0001:00001640  __fastcall Winapi::Winspool::initialization()
 0001:00001648  Sysinit::__linkproc__ __fastcall _delayLoadHelper2()
 0001:00001648  Sysinit::C5_0
 0001:00001928  Sysinit::__linkproc__ __fastcall _FUnloadDelayLoadedDLL2()
 0001:00001A38  Sysinit::__linkproc__ __fastcall _HrLoadAllImportsForDll()
 0001:00001AF8  Sysinit::_16403
 0001:00001B08  Sysinit::_16420
 0001:00001B14  Sysinit::_16421
 0001:00001B38  Sysinit::VclInit(bool, bool, int, bool)
 0001:00001BD0  Sysinit::VclExit()
 0001:00001C00  Sysinit::_16432
 0001:00001C10  Sysinit::_16433
 0001:00001C20  Sysinit::_16434
 0001:00001C30  Sysinit::_16435
 0001:00001C40  Sysinit::_16436
 0001:00001C50  Sysinit::_16437
 0001:00001C64  Sysinit::_16438
 0001:00001C94  Sysinit::_16439
 0001:00001CAC  Sysinit::_16440
 0001:00001CD4  Sysinit::_16441
 0001:00001CF8  Sysinit::_16442
 0001:00001D08  Sysinit::_16443
 0001:00001D18  __fastcall Sysinit::Finalization()
 0001:00001D28  __fastcall Sysinit::initialization()
 0001:00001D30  wWinMain
 0001:00001E34  __tpdsc__ System::Sysutils::Exception
 0001:00001EA0  System::Sysutils::Exception::Exception(System::Sysutils::Exception&)
 0001:00001F40  __tpdsc__ System::Sysutils::Exception&
 0001:00001F58  __tpdsc__ System::UnicodeString
 0001:00001FAC  System::TObject::TObject(System::TObject&)
 0001:00001FF0  __tpdsc__ System::TObject
 0001:0000203C  __linkproc__ Clientlib_tlb::Initialize
 0001:0000204C  __linkproc__ Clientlib_tlb::Finalize
 0001:0000205C  __fastcall TForm1::TForm1(System::Classes::TComponent *)
 0001:000021F4  __fastcall Vcl::Forms::TForm::TForm(System::Classes::TComponent *)
 0001:0000224C  System::UnicodeString::UnicodeString()
 0001:0000227C  __tpdsc__ TForm1 *
 0001:00002294  __fastcall TForm1::~TForm1()
 0001:00002324  __fastcall Clientlib_tlb::IClientProtocolLib::DisConnect()
 0001:0000235C  __fastcall Vcl::Forms::TForm::~TForm()
 0001:000023B4  __fastcall TForm1::ButtonConnectClick(System::TObject *)
 0001:0000275C  __fastcall Clientlib_tlb::IClientProtocolLib::IsConnected()
 0001:00002794  System::UnicodeString::c_str() const
 0001:000027B0  __fastcall Clientlib_tlb::IClientProtocolLib::Connect(Clientlib_tlb::ProtocolKind, wchar_t *, long)
 0001:000027F8  __fastcall TForm1::ButtonDisonnectClick(System::TObject *)
 0001:00002994  __fastcall TForm1::ChangeProtocol(System::TObject *)
 0001:00002AA4  __fastcall TForm1::ButtonSendMsgClick(System::TObject *)
 0001:00002E98  __fastcall Clientlib_tlb::IClientProtocolLib::SendMsg(wchar_t *)
 0001:00002ED4  __fastcall TForm1::ButtonTestClick(System::TObject *)
 0001:00002F48  __tpdsc__ Vcl::Forms::TForm *
 0001:00002F5C  __tpdsc__ System::UnicodeString *
 0001:00002F78  __tpdsc__ Vcl::Forms::TForm
 0001:00002FD4  __tpdsc__ TForm1
 0001:0000302C  __tpdsc__ TForm1
 0001:00003054  __fastcall Vcl::Forms::TForm::TForm(System::Classes::TComponent *, int)
 0001:000030B4  __tpdsc__ Vcl::Forms::TCustomForm
 0001:00003134  __tpdsc__ Vcl::Forms::TScrollingWinControl
 0001:000031A0  __tpdsc__ System::DelphiInterface<Vcl::Forms::IDesignerHook>
 0001:00003210  __tpdsc__ System::DelphiInterface<Vcl::Forms::IOleForm>
 0001:0000327C  __tpdsc__ System::DynamicArray<Vcl::Forms::TPopupWnd>
 0001:000032E4  __fastcall System::DelphiInterface<Vcl::Forms::IOleForm>::~DelphiInterface<Vcl::Forms::IOleForm>()
 0001:00003324  __fastcall System::DelphiInterface<Vcl::Forms::IDesignerHook>::~DelphiInterface<Vcl::Forms::IDesignerHook>()
 0001:00003364  __tpdsc__ Vcl::Controls::TWinControl
 0001:000033E0  System::DynamicArray<Vcl::Forms::TPopupWnd>::~DynamicArray<Vcl::Forms::TPopupWnd>()
 0001:0000340C  System::DynamicArray<Vcl::Forms::TPopupWnd>::DecRefCount()
 0001:00003434  System::DynamicArray<Vcl::Forms::TPopupWnd>::FreeData()
 0001:0000348C  System::DynamicArray<Vcl::Forms::TPopupWnd>::get_length() const
 0001:000034AC  System::DynamicArray<Vcl::Forms::TPopupWnd>::GetRec() const
 0001:000034BC  __tpdsc__ Vcl::Controls::TControl
 0001:0000352C  __tpdsc__ System::DelphiInterface<Vcl::Controls::IDockManager>
 0001:000035A0  __tpdsc__ System::DelphiInterface<System::IInterface>
 0001:00003608  __fastcall System::DelphiInterface<System::IInterface>::~DelphiInterface<System::IInterface>()
 0001:00003648  __fastcall System::DelphiInterface<Vcl::Controls::IDockManager>::~DelphiInterface<Vcl::Controls::IDockManager>()
 0001:00003688  __tpdsc__ System::Classes::TComponent
 0001:000036F4  __tpdsc__ System::Classes::TPersistent
 0001:0000375C  __linkproc__ Unit1::Initialize
 0001:0000376C  __linkproc__ Unit1::Finalize
 0001:0000377C  C937_0
 0001:00003798  ___CRTL_VCL_Init
 0001:00003880  C939_0
 0001:00003880  ___CRTL_VCLLIB_Linkage
 0001:00003884  ___CRTL_VCL_Sharemem
 0001:00003910  ___CRTL_VCL_HookSystem
 0001:00003950  __delayLoadHelper2
 0001:00003C64  __tpdsc__ ULI *
 0001:00003C78  const char * PFromRva<const char *>(unsigned long)
 0001:00003C88  HINSTANCE__ * * PFromRva<HINSTANCE__ * *>(unsigned long)
 0001:00003C98  _IMAGE_THUNK_DATA32 * PFromRva<_IMAGE_THUNK_DATA32 *>(unsigned long)
 0001:00003CA8  _IMAGE_THUNK_DATA32 * PFromRva<_IMAGE_THUNK_DATA32 *>(unsigned long)
 0001:00003CB8  _IMAGE_IMPORT_BY_NAME * PFromRva<_IMAGE_IMPORT_BY_NAME *>(unsigned long)
 0001:00003CC8  __FUnloadDelayLoadedDLL2
 0001:00003DEC  __strlen(const char *)
 0001:00003E00  __memcmp(const void *, const void *, unsigned int)
 0001:00003E30  CountOfImports(_IMAGE_THUNK_DATA32 *)
 0001:00003E48  __memcpy(void *, const void *, unsigned int)
 0001:00003E70  ULI::Unlink()
 0001:00003E94  __HrLoadAllImportsForDll
 0001:00003F4C  ImgDelayDescr * PFromRva<ImgDelayDescr *>(unsigned long)
 0001:00003F5C  PFromRva<int _int __stdcall (*)() * _stdcall (*)() *>(unsigned long)
 0001:00003F6C  _ShutdownDelayHelp2
 0001:00003F74  __tpdsc__ ULI
 0001:00003FC0  ULI::operator delete(void *)
 0001:00003FD0  ULI::~ULI()
 0001:00003FF4  __tpdsc__ UnloadInfo
 0001:00004010  C980_0
 0001:00004010  C980_3
 0001:0000401C  ___dbkFCallArgs
 0001:00004218  __internal_dbk_fcall_wrapper
 0001:00004354  C986_0
 0001:00004354  C986_3
 0001:00004374  C986_4
 0001:0000437C  C992_3
 0001:0000437C  C992_0
 0001:0000439C  C992_4
 0001:000043A4  C1012_0
 0001:000043A4  C1012_4
 0001:000043D0  __ExceptInit
 0001:00004420  __GetExceptDLLinfoInternal
 0001:00004448  __InitExceptBlockLDTC
 0001:00004448  C1014_0
 0001:00004481  __ExitExceptBlock
 0001:0000448F  __ExceptionHandler
 0001:000044B8  __fastcall System::CheckSafecallResult(long)
 0001:00004500  long DebugHlpr_HRCHECK<const char>(long, const char *, const char *, int)
 0001:00004514  C1033_2
 0001:00004514  C1033_0
 0001:00004530  __fastcall System::setUStrData(System::UnicodeString&, const char *)
 0001:0000453C  __fastcall System::setWStrData(System::WideString&, const char *)
 0001:00004548  __fastcall System::setLStrData(System::AnsiStringT<0> *, unsigned int, const char *)
 0001:000045DC  __fastcall System::__linkStrModEvalRoutines()
 0001:00004610  __InitVCL
 0001:00004654  __ExitVCL
 0001:00004660  System::UnicodeString::UnicodeString(const char *)
 0001:0000469C  System::UnicodeString::UnicodeString(System::UnicodeString&)
 0001:0000470C  int System::WideCharLen<wchar_t>(const wchar_t *)
 0001:00004728  System::UnicodeString::UnicodeString(const wchar_t *)
 0001:00004790  System::UnicodeString::~UnicodeString()
 0001:000047B4  System::UnicodeString::operator =(System::UnicodeString&)
 0001:000047CC  System::UnicodeString::vprintf(const wchar_t *, void *)
 0001:00004814  System::UnicodeString::sprintf(const wchar_t *, ...)
 0001:00004830  System::UnicodeString::SetLength(int)
 0001:00004848  __ClassCreate
 0001:00004848  C1051_0
 0001:00004850  __ClassDestroy
 0001:00004855  __AfterConstruction
 0001:0000485D  __BeforeDestruction
 0001:0000486C  ___ClassCreate
 0001:0000486E  ___ClassDestroy
 0001:00004870  ___AfterConstruction
 0001:00004872  ___BeforeDestruction
 0001:00004874  __roundToInt64
 0001:00004881  __currMul
 0001:00004898  _System__LStrAsg
 0001:00004898  C1053_0
 0001:0000489D  _System__LStrCat
 0001:000048A2  _System__LStrCat3
 0001:000048A7  _System__LStrClr
 0001:000048AC  _System__LStrCmp
 0001:000048B1  _System__LStrDelete
 0001:000048B6  _System__LStrFromArray
 0001:000048BB  _System__LStrFromPChar
 0001:000048C0  _System__LStrFromUStr
 0001:000048C5  _System__LStrFromWChar
 0001:000048CA  _System__LStrFromWStr
 0001:000048CF  _System__LStrInsert
 0001:000048D4  _System__LStrSetLength
 0001:000048D9  _System__LStrFromPWCharLen
 0001:000048DE  _System__CheckAutoResult
 0001:000048E3  _System__DynArrayRelease
 0001:000048E8  _System__DynArrayAddRef
 0001:000048ED  __fastcall System::TMetaClass::InstanceSize()
 0001:000048F2  __fastcall System::TMetaClass::InitInstance(void *)
 0001:000048F7  __fastcall System::TMetaClass::ClassName()
 0001:000048FC  __fastcall System::TMetaClass::ClassParent()
 0001:00004901  __fastcall System::TMetaClass::ClassInfo()
 0001:00004906  __fastcall System::TMetaClass::InheritsFrom(System::TMetaClass *)
 0001:0000490B  __fastcall System::TMetaClass::MethodName(void *)
 0001:00004910  __fastcall System::TMetaClass::QualifiedClassName()
 0001:00004915  __fastcall System::TMetaClass::UnitName()
 0001:0000491A  __fastcall System::TMetaClass::UnitScope()
 0001:0000491F  __fastcall System::TMetaClass::MethodAddress(System::SmallString<255>&)
 0001:00004924  __fastcall System::TMetaClass::GetInterfaceEntry(_GUID&)
 0001:00004929  __fastcall System::TMetaClass::GetInterfaceTable()
 0001:0000492E  __fastcall System::TMetaClass::ClassNameIs(System::UnicodeString)
 0001:00004933  __fastcall System::TMetaClass::MethodAddress(System::UnicodeString)
 0001:00004938  __fastcall System::FindDynaInst(void *, int)
 0002:00000000  D1_1
 0002:00000058  ___isGUI
 0002:00000090  ___isVCLPackage
 0002:00000091  ___isDLL
 0002:0000009E  ___useDynamicTLS
 0002:000000A3  __TLS_index4
 0002:000000A7  __hInstance
 0002:000000AC  ___CPPdebugHook_segment
 0002:000000AC  ___CPPdebugHook
 0002:000000B0  __PackageInfoTable
 0002:000000C8  Winapi::Windows::_17513
 0002:000000CC  Winapi::Windows::_17514
 0002:000000D0  Winapi::Windows::_17515
 0002:000000D4  Winapi::Shellapi::_16440
 0002:000000D8  Winapi::Shellapi::_16441
 0002:000000DC  Winapi::Shellapi::_16442
 0002:000000E0  Winapi::Msctf::MsCTFHandle
 0002:000000E4  Sysinit::D5_1
 0002:00000138  __TLS_index
 0002:00000138  Sysinit::TlsIndex
 0002:0000013C  Sysinit::DataMark
 0002:00000140  Sysinit::UnloadDelayLoadedDLLPtr
 0002:00000144  Sysinit::DelayLoadHelper
 0002:00000148  Sysinit::pfnDliNotifyHook
 0002:0000014C  Sysinit::pfnDliFailureHook
 0002:00000150  Sysinit::HrLoadAllImportsForDll
 0002:00000154  Sysinit::_16412
 0002:00000170  D6_1
 0002:00000178  __chtbl__ __stdcall wWinMain(HINSTANCE__ *, HINSTANCE__ *, wchar_t *, int)
 0002:000001AC  __chtbl__ __stdcall wWinMain(HINSTANCE__ *, HINSTANCE__ *, wchar_t *, int)
 0002:000001CC  __odtbl__ __stdcall wWinMain(HINSTANCE__ *, HINSTANCE__ *, wchar_t *, int)
 0002:000001DC  __ectbl__ __stdcall wWinMain(HINSTANCE__ *, HINSTANCE__ *, wchar_t *, int)
 0002:00000224  __ectbl__ System::Sysutils::Exception::Exception(System::Sysutils::Exception&)
 0002:00000230  __ectbl__ System::TObject::TObject(System::TObject&)
 0002:0000023C  Clientlib_tlb::LIBID_ClientLib
 0002:0000023C  Clientlib_tlb::D7_1
 0002:0000024C  Clientlib_tlb::IID_IClientProtocolLib
 0002:0000025C  Clientlib_tlb::CLSID_ClientProtocolLib
 0002:0000026C  Clientlib_tlb::IID__ClientProtocolLib
 0002:00000284  Unit1::D8_1
 0002:000006E0  __odtbl__ __fastcall TForm1::TForm1(System::Classes::TComponent *)
 0002:00000720  __ectbl__ __fastcall TForm1::TForm1(System::Classes::TComponent *)
 0002:0000075C  __odtbl__ __fastcall TForm1::~TForm1()
 0002:0000076C  __ectbl__ __fastcall TForm1::~TForm1()
 0002:00000784  __chtbl__ __fastcall TForm1::ButtonConnectClick(System::TObject *)
 0002:000007A4  __odtbl__ __fastcall TForm1::ButtonConnectClick(System::TObject *)
 0002:0000084C  __ectbl__ __fastcall TForm1::ButtonConnectClick(System::TObject *)
 0002:000008E8  __chtbl__ __fastcall TForm1::ButtonDisonnectClick(System::TObject *)
 0002:00000908  __odtbl__ __fastcall TForm1::ButtonDisonnectClick(System::TObject *)
 0002:00000948  __ectbl__ __fastcall TForm1::ButtonDisonnectClick(System::TObject *)
 0002:0000099C  __odtbl__ __fastcall TForm1::ChangeProtocol(System::TObject *)
 0002:000009CC  __ectbl__ __fastcall TForm1::ChangeProtocol(System::TObject *)
 0002:000009FC  __chtbl__ __fastcall TForm1::ButtonSendMsgClick(System::TObject *)
 0002:00000A1C  __odtbl__ __fastcall TForm1::ButtonSendMsgClick(System::TObject *)
 0002:00000AD0  __ectbl__ __fastcall TForm1::ButtonSendMsgClick(System::TObject *)
 0002:00000B6C  __odtbl__ __fastcall TForm1::ButtonTestClick(System::TObject *)
 0002:00000B7C  __ectbl__ __fastcall TForm1::ButtonTestClick(System::TObject *)
 0002:00000B94  __odtbl__ __fastcall Vcl::Forms::TForm::TForm(System::Classes::TComponent *)
 0002:00000BA4  __ectbl__ __fastcall Vcl::Forms::TForm::TForm(System::Classes::TComponent *)
 0002:00000BBC  __odtbl__ System::UnicodeString::UnicodeString()
 0002:00000BCC  __ectbl__ System::UnicodeString::UnicodeString()
 0002:00000BE4  __odtbl__ __fastcall Vcl::Forms::TForm::~TForm()
 0002:00000BF4  __ectbl__ __fastcall Vcl::Forms::TForm::~TForm()
 0002:00000C0C  TForm1::
 0002:00000F20  __odtbl__ __fastcall Vcl::Forms::TForm::TForm(System::Classes::TComponent *, int)
 0002:00000F30  __ectbl__ __fastcall Vcl::Forms::TForm::TForm(System::Classes::TComponent *, int)
 0002:00000F48  __stkchk
 0002:00000F48  D923_0
 0002:00000F4C  D941_1
 0002:00000F70  __fmode
 0002:00000F70  D956_0
 0002:00000F74  D958_0
 0002:00000F74  __fileinfo
 0002:00000F78  D970_0
 0002:00000F78  __turboFloat
 0002:00000F7C  ___puiHead
 0002:00000F7C  D972_1
 0002:00000FD0  __odtbl__ __stdcall __delayLoadHelper2(ImgDelayDescr *, int __stdcall (*)() *)
 0002:00000FE0  __ectbl__ __stdcall __delayLoadHelper2(ImgDelayDescr *, int __stdcall (*)() *)
 0002:0000104C  __ectbl__ __stdcall __FUnloadDelayLoadedDLL2(const char *)
 0002:00001058  __ectbl__ _internal_dbk_fcall_wrapper()
 0002:00001070  __argv_expand_ptr
 0002:00001070  D988_0
 0002:00001074  __wargv_expand_ptr
 0002:00001074  D990_0
 0002:00001078  __wsetargv__
 0002:00001078  D992_1
 0002:0000107C  __wsetenvp__
 0002:0000107C  D996_0
 0002:00001080  D1012_1
 0002:00001080  ___CPPexceptionList
 0002:00001084  ___exceptFlags
 0002:00001088  ___throwFileName
 0002:0000108C  ___throwLineNumber
 0002:00001090  ___throwExceptionName
 0002:00001094  ___exceptStaticBuffP
 0002:00001098  ___exceptMemAllocVars
 0002:0000109C  ___ExceptStaticXbuff
 0002:0000111C  __ExceptVarsSize
 0002:00001130  D1016_0
 0002:00001130  ___xxPersonality
 0002:00001134  D1029_1
 0002:0000113C  __ectbl__ __fastcall System::CheckSafecallResult(long)
 0002:00001154  System::Math::NaN
 0002:00001154  D1033_1
 0002:00001160  System::Math::Infinity
 0002:0000116C  System::Math::NegInfinity
 0002:00001178  System::Math::MinComp
 0002:00001184  System::Math::MaxComp
 0002:00001190  System::Dateutils::OneHour
 0002:0000119C  System::Dateutils::OneMinute
 0002:000011A8  System::Dateutils::OneSecond
 0002:000011B4  System::Dateutils::OneMillisecond
 0002:000011C0  System::Dateutils::EpochAsJulianDate
 0002:000011CC  System::Types::cPI
 0002:000011D0  System::Types::cPIdiv180
 0002:000011D4  System::Types::c180divPI
 0002:000011D8  System::Types::c2PI
 0002:000011DC  System::Types::cPIdiv2
 0002:000011E0  System::Types::cPIdiv4
 0002:000011E4  System::Types::c3PIdiv4
 0002:000011E8  System::Types::cInv2PI
 0002:000011EC  System::Types::cInv360
 0002:000011F0  System::Types::c180
 0002:000011F4  System::Types::c360
 0002:000011F8  System::Types::cOneHalf
 0002:000011FC  System::Types::CurveKappa
 0002:00001208  System::Types::CurveKappaInv
 0002:00001214  System::Types::Epsilon
 0002:00001218  System::Types::Epsilon2
 0002:00001220  __odtbl__ __fastcall System::setLStrData(System::AnsiStringT<0> *, unsigned int, const char *)
 0002:00001240  __ectbl__ __fastcall System::setLStrData(System::AnsiStringT<0> *, unsigned int, const char *)
 0002:00001264  __odtbl__ System::UnicodeString::UnicodeString(const char *)
 0002:00001274  __ectbl__ System::UnicodeString::UnicodeString(const char *)
 0002:0000128C  __odtbl__ System::UnicodeString::UnicodeString(System::UnicodeString&)
 0002:0000129C  __ectbl__ System::UnicodeString::UnicodeString(System::UnicodeString&)
 0002:000012B4  __odtbl__ System::UnicodeString::UnicodeString(const wchar_t *)
 0002:000012C4  __ectbl__ System::UnicodeString::UnicodeString(const wchar_t *)
 0002:000012DC  D1051_1
 0002:000012E0  __indStub:69426
 0002:000012E4  __indStub:69439
 0002:000012E8  __indStub:69441
 0002:000012EC  __indStub:69338
 0002:000012F0  __indStub:69337
 0002:000012F4  __indStub:69339
 0002:000012F8  __indStub:69340
 0002:000012FC  __indStub:69341
 0003:00000000  Winapi.windows::B20_2
 0003:00000010  Winapi.psapi::B28_1
 0003:00000074  Winapi.messages::B38_1
 0003:00000078  Winapi.activex::B44_2
 0003:0000007C  System.win.crtl::B90_2
 0003:0000007C  System::Win::Crtl::_errno
 0003:00000080  System::Win::Crtl::__errno
 0003:00000084  System::Win::Crtl::___errno
 0003:0000008C  Winapi.qos::B152_1
 0003:00000090  Winapi.winsock2::B154_1
 0003:00000094  Winapi.winhttp::B156_2
 0003:00000098  System.internal.strhlpr::B184_1
 0003:0000009C  Winapi.structuredquerycondition::B264_2
 0003:000000A0  Winapi.propsys::B266_2
 0003:000000A4  Winapi.commctrl::B286_2
 0003:000000E4  Winapi.ipexport::B288_1
 0003:000000E8  Winapi::Shellapi::_NOTIFYICONDATAA::_ClassInitFlag
 0003:000000E8  Winapi.shellapi::B290_2
 0003:000000EC  Winapi::Shellapi::_NOTIFYICONDATAW::_ClassInitFlag
 0003:000000F4  Winapi.regstr::B292_1
 0003:000000F8  Winapi.wininet::B294_1
 0003:000000FC  Winapi.urlmon::B296_2
 0003:00000100  Winapi.objectarray::B298_2
 0003:00000104  Winapi.shlobj::B302_2
 0003:00000108  Winapi.shellscaling::B318_1
 0003:0000010C  Winapi.winsock::B334_1
 0003:00000110  Winapi.dwmapi::B346_1
 0003:00000114  Winapi.commdlg::B366_1
 0003:00000118  Winapi.dlgs::B450_1
 0003:0000011C  Winapi.imm::B472_1
 0003:00000120  Winapi.msctf::B492_2
 0003:00000124  Winapi.tpcshrd::B496_1
 0003:00000128  Winapi.msinkaut::B498_2
 0003:0000012C  Winapi.peninputpanel::B516_2
 0003:00000130  Winapi.richedit::B520_1
 0003:00000134  Winapi.winspool::B538_1
 0003:00000138  Sysinit::ModuleIsLib
 0003:00000138  Sysinit::B5_2
 0003:00000139  Sysinit::ModuleIsPackage
 0003:0000013A  Sysinit::ModuleIsCpp
 0003:0000013B  Sysinit::TlsLast
 0003:0000013C  Sysinit::HInstance
 0003:00000148  Sysinit::DllProcEx
 0003:00000148  Sysinit::DllProc
 0003:0000014C  dbkFCallWrapperAddr
 0003:0000014C  Sysinit::dbkFCallWrapperAddr
 0003:00000150  Sysinit::__linkproc__ _pfnDliNotifyHook2
 0003:00000154  Sysinit::__linkproc__ _pfnDliFailureHook2
 0003:00000160  Clientlib_tlb::B7_3
 0003:00000164  _Form1
 0003:00000164  Unit1::B8_2
 0003:00000168  Unit1::B8_3
 0003:0000016C  ___pfnDliNotifyHook2
 0003:0000016C  B974_0
 0003:00000170  ___pfnDliFailureHook2
 0003:00000174  B980_2
 0003:00000174  __dbk_fcall_wrapper_addr
 0003:00000178  ___dll_argc
 0003:00000178  B986_2
 0003:0000017C  ___dll_argv
 0003:00000180  ___dll_wargv
 0003:00000180  B992_2
 0003:00000184  __DestructorCountPtr
 0003:00000184  B1012_2
 0003:FFFF7D00  Sysinit::ImageBase
 0003:FFFF7D00  Sysinit::__ImageBase
 0004:00000000  T1012_3
 0004:00000000  ___xxInfo
